Usage: defang [<flags>] [FILE]

Optional flags:

      --evil      defang the URL scheme with evil
  -e, --extract   extract IOCs without defanging
  -h, --help      display help
  -m, --meow      kitty!
  -n, --nsfw      defang the URL scheme with nsfw
  -r, --refang    refang IOCs
  -V, --version   display version
